 * Running on http://0.0.0.0:5000/ (Press CTRL+C to quit)
127.0.0.1 - - [20/Jun/2020 11:26:30] "[37mGET / HTTP/1.1[0m" 200 -
127.0.0.1 - - [20/Jun/2020 11:26:30] "[37mGET /static/mycss.css HTTP/1.1[0m" 200 -
127.0.0.1 - - [20/Jun/2020 11:26:31] "[33mGET /favicon.ico HTTP/1.1[0m" 404 -
127.0.0.1 - - [20/Jun/2020 11:26:32] "[37mGET / HTTP/1.1[0m" 200 -
127.0.0.1 - - [20/Jun/2020 11:26:32] "[37mGET /static/mycss.css HTTP/1.1[0m" 200 -
127.0.0.1 - - [20/Jun/2020 11:26:33] "[33mGET /favicon.ico HTTP/1.1[0m" 404 -
Here's some info
127.0.0.1 - - [20/Jun/2020 11:26:48] "[37mPOST / HTTP/1.1[0m" 200 -
 * Restarting with stat
 * Debugger is active!
 * Debugger PIN: 310-283-135
 * Running on http://0.0.0.0:5000/ (Press CTRL+C to quit)
127.0.0.1 - - [20/Jun/2020 11:27:36] "[37mGET / HTTP/1.1[0m" 200 -
127.0.0.1 - - [20/Jun/2020 11:27:36] "[37mGET / HTTP/1.1[0m" 200 -
127.0.0.1 - - [20/Jun/2020 11:27:36] "[33mGET /favicon.ico HTTP/1.1[0m" 404 -
127.0.0.1 - - [20/Jun/2020 11:27:38] "[37mGET / HTTP/1.1[0m" 200 -
127.0.0.1 - - [20/Jun/2020 11:27:38] "[37mGET /static/mycss.css HTTP/1.1[0m" 200 -
127.0.0.1 - - [20/Jun/2020 11:27:39] "[33mGET /favicon.ico HTTP/1.1[0m" 404 -
Here's some info
127.0.0.1 - - [20/Jun/2020 11:27:48] "[37mPOST / HTTP/1.1[0m" 200 -
Here's some info
127.0.0.1 - - [20/Jun/2020 11:27:54] "[37mPOST / HTTP/1.1[0m" 200 -
127.0.0.1 - - [20/Jun/2020 11:28:10] "[37mGET / HTTP/1.1[0m" 200 -
127.0.0.1 - - [20/Jun/2020 11:28:44] "[37mGET / HTTP/1.1[0m" 200 -
Here's some info
127.0.0.1 - - [20/Jun/2020 11:29:04] "[37mPOST / HTTP/1.1[0m" 200 -
 * Detected change in 'D:\\tomato-apps\\model.py', reloading
 * Restarting with stat
 * Debugger is active!
 * Debugger PIN: 310-283-135
 * Running on http://0.0.0.0:5000/ (Press CTRL+C to quit)
 * Restarting with stat
 * Debugger is active!
 * Debugger PIN: 310-283-135
 * Running on http://0.0.0.0:5000/ (Press CTRL+C to quit)
127.0.0.1 - - [20/Jun/2020 11:30:08] "[37mGET / HTTP/1.1[0m" 200 -
127.0.0.1 - - [20/Jun/2020 11:30:16] "[37mGET / HTTP/1.1[0m" 200 -
[2.87764426e-31, 0.0, 7.31021768e-30, 0.0, 1.42765077e-36, 4.52901122e-34, 2.7952798e-28, 0.0, 0.0, 1.0]
127.0.0.1 - - [20/Jun/2020 11:30:34] "[37mPOST / HTTP/1.1[0m" 200 -
127.0.0.1 - - [20/Jun/2020 11:31:08] "[37mGET / HTTP/1.1[0m" 200 -
[1.0, 3.56224632e-34, 8.14830838e-27, 5.22679707e-27, 1.07066947e-28, 4.71386232e-28, 8.1256826e-19, 4.79673595e-23, 0.0, 2.02284033e-29]
127.0.0.1 - - [20/Jun/2020 11:31:28] "[37mPOST / HTTP/1.1[0m" 200 -
127.0.0.1 - - [20/Jun/2020 11:31:28] "[37mGET /static/1a017b74-a549-433b-979b-3e3ace67b50d___GCREC_Bact.Sp%205715.JPG HTTP/1.1[0m" 200 -
127.0.0.1 - - [20/Jun/2020 11:32:15] "[37mGET / HTTP/1.1[0m" 200 -
